Built committed-fork Fastboot boot+cache bundle: /home/lijian/project/work/xiaomi/artifacts/build/fastboot-raphael-mainline
format=raphael-fastboot-boot-cache-v3
purpose=committed-fork-Linux-7.3-with-retained-Debian-userdata
phone_write_operations=none
hardware_boot=NOT_RUN
partition_allowlist=boot,cache
partition_denylist=userdata,modem,modemst1,modemst2,fsg,fsc,persist,dsp,bluetooth,abl,xbl,tz,aop,recovery,dtbo,vbmeta
boot_payload=retained-U-Boot-cache-EFI-loader
boot_payload_bytes=630784
boot_payload_sha256=41b90496cf53c47e2bfebf20c28f6c62bbcafae07a023488f75b88a32669db42
boot_image=artifacts/build/fastboot-raphael-mainline/raphael-boot-stable-uboot-full.img
boot_image_bytes=134217728
boot_image_sha256=03de919577ce8996d7309d2675f682b21b07bad3349b3f249990a030568439ed
cache_image=artifacts/build/fastboot-raphael-mainline/raphael-cache-linux-7.3-persistent.img
cache_image_bytes=268435456
cache_image_sha256=b67344ef921e3d8fbf3c816b4bdb66c21bc0fe2815b9e5a0ba4f2305404a55db
cache_fat=FAT16
cache_logical_sector_bytes=4096
cache_volume_id=52415048
cache_label=RAPHAELBOOT
cache_roundtrip=PASS
boot_policy=persistent-no-fallback
kernel_release=7.3.0-rc1-raphael-mainline-dev
source_commit=08de36271e6a23f98712a0719614d2d0a60f1556
source_content=git
source_patch_sha256=none
config_sha256=e2e4d0f5ec5b2dd724df954b953a8fe5db7bd693a77c16d712fe48fd1b84c886
kernel_sha256=6df2fb87e46a8992088ef996b5a9565b44d8d3c4016b80840ff3606613c93e57
dtb_sha256=11a69f06a39c0096cf19fec43ba0739bce547f934ec6a834988293918d7ea211
dtb_input=artifacts/retained/raphael-boot-inputs/control-sm8150-xiaomi-raphael.dtb
initramfs_sha256=78ca159bc72e1e9c198f433858b81d0e3acfb9c0d6b535ebc0bc120df8d6aad2
base_initramfs_source=/home/lijian/project/work/xiaomi/artifacts/retained/raphael-boot-inputs/recovery-initramfs-7.1
base_initramfs_sha256=d5f237df4bfd198b6db708afb8b2d49306be90a973bf932a073b2f61b36db139
base_initramfs_module_release=7.1.0-raphael-fusion-f72bd7
grub_efi_input=/home/lijian/project/work/xiaomi/artifacts/retained/raphael-boot-inputs/BOOTAA64.EFI
grub_efi_input_sha256=e9c9cddcba30163e0f17faba01eb8dbb8fcd073bb9f2ac6d8d4b8c11e84a3992
initramfs_module_release=7.3.0-rc1-raphael-mainline-dev
initramfs_module_count=913
initramfs_module_bytes=45514752
userspace_module_handoff=init-bottom-tmpfs-128MiB;userdata-module-files-unchanged
userdata_policy=preserve-existing-Debian-rootfs;never-flash-or-erase
baseband_nv_policy=never-flash-or-erase
